// Vitest Snapshot v1, https://vitest.dev/guide/snapshot.html

exports[`AppLayout > should render correctly with basic props 1`] = `
<div>
  <div
    class="flex h-[100dvh] w-full overflow-hidden"
  >
    <div
      class="ant-layout p-2 gap-2 css-dev-only-do-not-override-mncuj7"
    >
      <div
        data-props="{"loadingAppLayout":false,"notifications":{"items":[]},"userActions":{"items":[]}}"
        data-testid="header-layout"
      >
        Header Content
      </div>
      <div
        data-testid="sidebar-layout"
      >
        <div
          data-testid="test-content"
        >
          Test Content
        </div>
      </div>
    </div>
  </div>
</div>
`;
