// Vitest Snapshot v1, https://vitest.dev/guide/snapshot.html

exports[`ErrorPage component > renders error and message texts 1`] = `
<div>
  <div
    class="flex flex-col items-center justify-center h-screen bg-white-100 px-4 text-center gap-4"
  >
    <img
      alt="Página no encontrada"
      class="w-full max-w-[560px] h-auto max-h-[50vh] object-contain "
      src="/src/assets/images/page-not-found.png"
    />
    <div
      class="flex flex-col justify-center items-center"
    >
      <h5
        class="ant-typography css-dev-only-do-not-override-mncuj7"
        style="margin-bottom: 0px;"
      >
        404
      </h5>
      <h5
        class="ant-typography css-dev-only-do-not-override-mncuj7"
        style="margin-bottom: 0px;"
      >
        Página no encontrada
      </h5>
    </div>
    <div
      class="flex flex-col justify-center items-center pt-4"
    >
      <button
        class="ant-btn css-dev-only-do-not-override-mncuj7 ant-btn-primary ant-btn-color-primary ant-btn-variant-solid itsa-btn itsa-btn--md itsa-btn--primary"
        type="button"
      >
        <span
          class="block w-full overflow-hidden text-ellipsis whitespace-nowrap"
        >
          Regresar al inicio
        </span>
      </button>
    </div>
  </div>
</div>
`;
