// Vitest Snapshot v1, https://vitest.dev/guide/snapshot.html

exports[`FilterSearchContainer > renders children and buttons 1`] = `
<div>
  <form>
    <div
      class="p-4 w-full bg-grey-100 rounded-md"
    >
      <div
        class="flex flex-wrap gap-4 items-center justify-between"
      >
        <div>
          Child content
        </div>
        <button
          class="ant-btn css-dev-only-do-not-override-mncuj7 ant-btn-primary ant-btn-color-primary ant-btn-variant-solid itsa-btn itsa-btn--md itsa-btn--primary"
          type="button"
        >
          <span
            class="block w-full overflow-hidden text-ellipsis whitespace-nowrap"
          >
            Limpiar Filtros
          </span>
        </button>
        <button
          class="ant-btn css-dev-only-do-not-override-mncuj7 ant-btn-primary ant-btn-color-primary ant-btn-variant-solid itsa-btn itsa-btn--md itsa-btn--primary"
          type="button"
        >
          <span
            class="block w-full overflow-hidden text-ellipsis whitespace-nowrap"
          >
            Submit
          </span>
        </button>
      </div>
    </div>
  </form>
</div>
`;
