// Vitest Snapshot v1, https://vitest.dev/guide/snapshot.html

exports[`FormLabel component > renders label text 1`] = `
<div>
  <div
    class="flex w-full items-center justify-between gap-2"
  >
    <label
      class="font-bold flex-1 min-w-0 truncate"
      title="Nombre"
    >
      Nombre
    </label>
  </div>
</div>
`;
