// Vitest Snapshot v1, https://vitest.dev/guide/snapshot.html

exports[`TabsItemContent component > renders with title and children 1`] = `
<div>
  <div
    class="flex-1 min-w-0 w-full h-full flex justify-center items-center"
  >
    <div
      class="w-full"
      style="max-width: 650px;"
    >
      <div
        class="font-semibold mb-2"
      >
        Mi Título
      </div>
      <div
        class="flex flex-col justify-center items-center w-full h-full rounded-lg bg-gray-250 min-w-0"
        style="width: 650px;"
      >
        <div>
          Contenido
        </div>
      </div>
    </div>
  </div>
</div>
`;
